DEBUG:root:Pizza created: artichoke ($15)
DEBUG:root:Made 1 artichoke pizza(s)
DEBUG:root:Ate 1 pizza(s)
DEBUG:root:Pizza created: margherita ($12)
DEBUG:root:Made 2 margherita pizza(s)
DEBUG:root:Ate 1 pizza(s)
DEBUG:root:Pizza created: Sicilian ($15)
DEBUG:root:Made 5 Sicilian pizza(s)
DEBUG:root:Ate 4 pizza(s)
DEBUG:root:Pizza created: quattro formaggi ($16)
DEBUG:root:Made 2 quattro formaggi pizza(s)
DEBUG:root:Ate 2 pizza(s)
2023-10-24 17:29:15,840:DEBUG:Pizza created: Sicilian ($15)
2023-10-24 17:29:15,840:DEBUG:Made 5 Sicilian pizza(s)
2023-10-24 17:29:15,841:DEBUG:Ate 4 pizza(s)
2023-10-24 17:29:15,841:DEBUG:Pizza created: quattro formaggi ($16)
2023-10-24 17:29:15,841:DEBUG:Made 2 quattro formaggi pizza(s)
2023-10-24 17:29:15,841:DEBUG:Ate 2 pizza(s)
2023-10-24 17:29:58,832:DEBUG:Pizza created: Sicilian ($15)
2023-10-24 17:29:58,833:DEBUG:Made 5 Sicilian pizza(s)
2023-10-24 17:29:58,833:DEBUG:Ate 4 pizza(s)
2023-10-24 17:29:58,833:DEBUG:Pizza created: quattro formaggi ($16)
2023-10-24 17:29:58,833:DEBUG:Made 2 quattro formaggi pizza(s)
2023-10-24 17:29:58,833:DEBUG:Ate 2 pizza(s)
2023-10-24 17:38:12,938:DEBUG:Pizza created: Sicilian ($15)
2023-10-24 17:38:12,939:DEBUG:Made 5 Sicilian pizza(s)
2023-10-24 17:38:12,939:DEBUG:Ate 4 pizza(s)
2023-10-24 17:38:12,939:DEBUG:Pizza created: quattro formaggi ($16)
2023-10-24 17:38:12,939:DEBUG:Made 2 quattro formaggi pizza(s)
2023-10-24 17:38:12,939:DEBUG:Ate 2 pizza(s)
2023-10-24 17:38:51,391:INFO:Pizza created: Sicilian ($15)
2023-10-24 17:38:51,392:DEBUG:Made 5 Sicilian pizza(s)
2023-10-24 17:38:51,392:DEBUG:Ate 4 pizza(s)
2023-10-24 17:38:51,392:INFO:Pizza created: quattro formaggi ($16)
2023-10-24 17:38:51,392:DEBUG:Made 2 quattro formaggi pizza(s)
2023-10-24 17:38:51,392:DEBUG:Ate 2 pizza(s)
2023-10-24 17:39:45,937:INFO:Pizza created: Sicilian ($15)
2023-10-24 17:39:45,938:INFO:Pizza created: quattro formaggi ($16)
2023-10-24 17:40:43,152:INFO:Pizza created: Sicilian ($15)
Manolo tenia una flauta
